Log created:    2017-01-18 14:14:32
Log completed:  2017-01-18 14:14:33
 

  ___  ____  ____  ____  ____ (R)
 /__    /   ____/   /   ____/
___/   /   /___/   /   /___/   14.2   Copyright 1985-2015 StataCorp LP
  Statistics/Data Analysis            StataCorp
                                      4905 Lakeway Drive
     MP - Parallel Edition            College Station, Texas 77845 USA
                                      800-STATA-PC        http://www.stata.com
                                      979-696-4600        stata@stata.com
                                      979-696-4601 (fax)

8-user 4-core Stata network perpetual license:
       Serial number:  501406225577
         Licensed to:  Andres Shahidinejad
                       GSLab

Notes:
      1.  Stata is running in batch mode.
      2.  Unicode is supported; see help unicode_advice.
      3.  More than 2 billion observations are allowed; see help obs_advice.
      4.  Maximum number of variables is set to 5000; see help set_maxvar.


running /Applications/Stata/profile.do ...

. do "source/analysis/analysis.do" 

. version 14

. clear all

. set more off

. 
. program main
  1.     import delimited "output/data/data.txt", delimiters("|") varnames(1) clear
  2.     hist x, discrete width(0.5)
  3.     graph export "output/analysis/plot.eps", replace
  4. 
.     sum x
  5.     file open  outfile using "output/analysis/table.txt", write replace
  6.     file write outfile "<tab:table>" _n
  7.     file write outfile (r(mean)) _n (r(sd)) _n (r(max)) _n (r(min))
  8.     file close outfile
  9. end

. 
. * EXECUTE
. main
(1 var, 1,000 obs)
(start=1, width=.5)
(note: file output/analysis/plot.eps not found)
(file output/analysis/plot.eps written in EPS format)

    Variable |        Obs        Mean    Std. Dev.       Min        Max
-------------+---------------------------------------------------------
           x |      1,000       5.492    2.877536          1         10
(note: file output/analysis/table.txt not found)

. 
end of do-file
